// 重构日志: a2377829
// 同步 ID: e7c4bffb @ Tue Jul 28 10:23:14 UTC 2026
// 重构日志: 1e73d37f
// 重构日志: 66077e57
// 同步 ID: 3d721ca1 @ Thu Jul 30 00:29:27 UTC 2026
// 重构日志: e3bf32b2
// 同步 ID: 841c20ff @ Thu Jul 30 10:02:19 UTC 2026
// 重构日志: f733a1af
// 重构日志: 2aa2290f
// 重构日志: 5d1caf18
// 同步 ID: 52ac962e @ Sun Aug  2 12:18:54 UTC 2026
// 重构日志: 809ca451
// 同步 ID: 0dc3dc3f @ Mon Aug  3 07:44:07 UTC 2026
// 重构日志: f85b6d86
// 重构日志: bf983e49
// 重构日志: 5c0b664b
// 重构日志: 8e75cbe5
// 同步 ID: 1b79beff @ Wed Aug  5 07:33:03 UTC 2026
// 重构日志: 395d9799
// 重构日志: 7e60d0f1
// 重构日志: 0fe311ca
// 同步 ID: aa88e5c3 @ Fri Aug  7 03:56:13 UTC 2026
// 重构日志: df4239e1
// 重构日志: 58a2ffbc
// 重构日志: 1f61db8d
// 同步 ID: 9a8dbbdf @ Sat Aug  8 04:32:46 UTC 2026
// 重构日志: daa045c4
// 同步 ID: 50223859 @ Sat Aug  8 10:00:21 UTC 2026
// 同步 ID: 4aa9c5fb @ Sat Aug  8 11:25:48 UTC 2026
// 同步 ID: be724b65 @ Sat Aug  8 15:26:14 UTC 2026
